Nedob Emulator - Development ROM mode
Using hardcoded ROM: /home/siekwie/Documents/ROMs/3DS/PokemonSun/decrypted/PokemonSun.3ds
Selected ROM: /home/siekwie/Documents/ROMs/3DS/PokemonSun/decrypted/PokemonSun.3ds
ROM Type: Nintendo 3DS
Loader: code source = raw (no crypto). First 16 bytes: 07 00 00 EB 6A 11 00 EB 4B 1A 00 EB 85 11 00 EB 
Loader: WARNING: first word is not typical ARM B; may be encrypted or wrong offset.
ThreeDS: ROM loaded: /home/siekwie/Documents/ROMs/3DS/PokemonSun/decrypted/PokemonSun.3ds (entry=0x00100000, code=5713920 bytes)
Starting emulation...
  LDR [PC,#20] addr=0x00100040 -> 0x00672430
  LDR [PC,#20] addr=0x00100044 -> 0x006A2524
  B cond=0x3 NOT TAKEN -> next inst  NZCV=0110
  LDR [PC,#68] addr=0x00104600 -> 0x04000000
  LDR [PC,#56] addr=0x00104604 -> 0x04000027
  LDR [PC,#0] addr=0x002FF83C -> 0x006A2240
  LDR [PC,#8] addr=0x00104A94 -> 0x0053095C
  LDR [PC,#8] addr=0x00104ADC -> 0x00530A24
  LDR [PC,#44] addr=0x00104BB0 -> 0x0066B164
  LDR [PC,#4] addr=0x00104DB4 -> 0x0065F050
  LDR [PC,#8] addr=0x00104DA0 -> 0x00687AF4
  B cond=0x0 NOT TAKEN -> next inst  NZCV=0010
  B cond=0x1 NOT TAKEN -> next inst  NZCV=0110
  B cond=0x1 NOT TAKEN -> next inst  NZCV=0110
SVC 0x02 QueryMemory  R0=0x14001400 R1=0x0FFFEFE0 R2=0x00000000 R3=0x00000000  PC=0x00105590
  B cond=0x1 NOT TAKEN -> next inst  NZCV=0110
  B cond=0x0 NOT TAKEN -> next inst  NZCV=0010
  B cond=0x8 NOT TAKEN -> next inst  NZCV=1000
  LDR [PC,#8] addr=0x00104D8C -> 0x0067DD80
  B cond=0x0 NOT TAKEN -> next inst  NZCV=0010
  B cond=0x1 NOT TAKEN -> next inst  NZCV=0110
  B cond=0x1 NOT TAKEN -> next inst  NZCV=0110
  LDR [PC,#60] addr=0x00106454 -> 0x00000000
  LDR [PC,#48] addr=0x00106458 -> 0x003011D0
  LDR [PC,#44] addr=0x0010645C -> 0x00106460
  B cond=0x1 NOT TAKEN -> next inst  NZCV=0110
  LDR [PC,#52] addr=0x00105628 -> 0x005C5318
SVC 0x2B GetProcessInfo  R0=0x005C5318 R1=0x00720061 R2=0x00000014 R3=0x00000000  PC=0x00106364
  B cond=0xB NOT TAKEN -> next inst  NZCV=0110
  LDR [PC,#16] addr=0x0010562C -> 0x0066B150
  LDR [PC,#252] addr=0x00106A54 -> 0x0066B194
  LDR [PC,#184] addr=0x00106A58 -> 0x00684340
  B cond=0x0 NOT TAKEN -> next inst  NZCV=0010
  B cond=0xD NOT TAKEN -> next inst  NZCV=0010
  B cond=0x1 NOT TAKEN -> next inst  NZCV=0110
  B cond=0xD NOT TAKEN -> next inst  NZCV=0010
  LDR [PC,#156] addr=0x00106A64 -> 0x082067F9
=== Trace: next 48 instructions. State shown is BEFORE each instruction runs. ===
  [ 0] PC=0x001069CC inst=0xE1A00005 MOV R0,R0,... (op1=0xD) | R0=0x01000001 R1=0xFFFFFFFF R2=0xF0001000 R3=0x005C5318 R4=0x00684340 R5=0x082067F9 R6=0x00000000 R7=0x00000000 R8=0x00000000 R9=0x00000000 R10=0x00000000 R11=0x00000000 R12=0x00000000 SP=0x0FFFEFE0 LR=0x001069CC PC=0x001069CC | NZCV=1000 (state=before)
  [ 1] PC=0x001069D0 inst=0xE8BD81F0 LDMIA R13!, {0x81F0} | R0=0x01000001 R1=0xFFFFFFFF R2=0xF0001000 R3=0x005C5318 R4=0x00684340 R5=0x082067F9 R6=0x00000000 R7=0x00000000 R8=0x00000000 R9=0x00000000 R10=0x00000000 R11=0x00000000 R12=0x00000000 SP=0x0FFFEFE0 LR=0x001069CC PC=0x001069D0 | NZCV=1000
LDM POP PC: loading value 0x00105608 from addr 0x0FFFEFF4 into PC
  [ 2] PC=0x00105608 inst=0xE2001102 AND R1,R0,... (op1=0x0) | R0=0x01000001 R1=0xFFFFFFFF R2=0xF0001000 R3=0x005C5318 R4=0x00000000 R5=0x00000000 R6=0x00000000 R7=0x00000000 R8=0x00000000 R9=0x00000000 R10=0x00000000 R11=0x00000000 R12=0x00000000 SP=0x0FFFEFF8 LR=0x001069CC PC=0x00105608 | NZCV=1000
  [ 3] PC=0x0010560C inst=0xE3510000 CMP R0,R1,... (op1=0xA) | R0=0x01000001 R1=0x00000000 R2=0xF0001000 R3=0x005C5318 R4=0x00000000 R5=0x00000000 R6=0x00000000 R7=0x00000000 R8=0x00000000 R9=0x00000000 R10=0x00000000 R11=0x00000000 R12=0x00000000 SP=0x0FFFEFF8 LR=0x001069CC PC=0x0010560C | NZCV=1000
  [ 4] PC=0x00105610 inst=0xBB00084E BL 0x00107750 (offset 8504) | R0=0x01000001 R1=0x00000000 R2=0xF0001000 R3=0x005C5318 R4=0x00000000 R5=0x00000000 R6=0x00000000 R7=0x00000000 R8=0x00000000 R9=0x00000000 R10=0x00000000 R11=0x00000000 R12=0x00000000 SP=0x0FFFEFF8 LR=0x001069CC PC=0x00105610 | NZCV=0110
  B cond=0xB NOT TAKEN -> next inst  NZCV=0110
  [ 5] PC=0x00105614 inst=0xE59F1010 LDR R1, [R15, #16] | R0=0x01000001 R1=0x00000000 R2=0xF0001000 R3=0x005C5318 R4=0x00000000 R5=0x00000000 R6=0x00000000 R7=0x00000000 R8=0x00000000 R9=0x00000000 R10=0x00000000 R11=0x00000000 R12=0x00000000 SP=0x0FFFEFF8 LR=0x001069CC PC=0x00105614 | NZCV=0110
  LDR [PC,#16] addr=0x0010562C -> 0x0066B150
  [ 6] PC=0x00105618 inst=0xE59D0000 LDR R0, [R13, #0] | R0=0x01000001 R1=0x0066B150 R2=0xF0001000 R3=0x005C5318 R4=0x00000000 R5=0x00000000 R6=0x00000000 R7=0x00000000 R8=0x00000000 R9=0x00000000 R10=0x00000000 R11=0x00000000 R12=0x00000000 SP=0x0FFFEFF8 LR=0x001069CC PC=0x00105618 | NZCV=0110
  [ 7] PC=0x0010561C inst=0xE5810004 STR R0, [R1, #4] | R0=0x00000000 R1=0x0066B150 R2=0xF0001000 R3=0x005C5318 R4=0x00000000 R5=0x00000000 R6=0x00000000 R7=0x00000000 R8=0x00000000 R9=0x00000000 R10=0x00000000 R11=0x00000000 R12=0x00000000 SP=0x0FFFEFF8 LR=0x001069CC PC=0x0010561C | NZCV=0110
  [ 8] PC=0x00105620 inst=0xE28DD00C ADD R13,R13,... (op1=0x4) | R0=0x00000000 R1=0x0066B150 R2=0xF0001000 R3=0x005C5318 R4=0x00000000 R5=0x00000000 R6=0x00000000 R7=0x00000000 R8=0x00000000 R9=0x00000000 R10=0x00000000 R11=0x00000000 R12=0x00000000 SP=0x0FFFEFF8 LR=0x001069CC PC=0x00105620 | NZCV=0110
  [ 9] PC=0x00105624 inst=0xE49DF004 LDR R15, [R13, #4] | R0=0x00000000 R1=0x0066B150 R2=0xF0001000 R3=0x005C5318 R4=0x00000000 R5=0x00000000 R6=0x00000000 R7=0x00000000 R8=0x00000000 R9=0x00000000 R10=0x00000000 R11=0x00000000 R12=0x00000000 SP=0x0FFFF004 LR=0x001069CC PC=0x00105624 | NZCV=0110
  [10] PC=0x00000004 inst=0xE12FFF1E BX R14 | R0=0x00000000 R1=0x0066B150 R2=0xF0001000 R3=0x005C5318 R4=0x00000000 R5=0x00000000 R6=0x00000000 R7=0x00000000 R8=0x00000000 R9=0x00000000 R10=0x00000000 R11=0x00000000 R12=0x00000000 SP=0x0FFFF008 LR=0x001069CC PC=0x00000004 | NZCV=0110
BX LR: PC=0x00000004 LR=0x001069CC -> 0x001069CC
  [11] PC=0x001069CC inst=0xE1A00005 MOV R0,R0,... (op1=0xD) | R0=0x00000000 R1=0x0066B150 R2=0xF0001000 R3=0x005C5318 R4=0x00000000 R5=0x00000000 R6=0x00000000 R7=0x00000000 R8=0x00000000 R9=0x00000000 R10=0x00000000 R11=0x00000000 R12=0x00000000 SP=0x0FFFF008 LR=0x001069CC PC=0x001069CC | NZCV=0110 (state=before)
  [12] PC=0x001069D0 inst=0xE8BD81F0 LDMIA R13!, {0x81F0} | R0=0x00000000 R1=0x0066B150 R2=0xF0001000 R3=0x005C5318 R4=0x00000000 R5=0x00000000 R6=0x00000000 R7=0x00000000 R8=0x00000000 R9=0x00000000 R10=0x00000000 R11=0x00000000 R12=0x00000000 SP=0x0FFFF008 LR=0x001069CC PC=0x001069D0 | NZCV=0110
LDM POP PC: loading value 0x00000000 from addr 0x0FFFF01C into PC
  [13] PC=0x00000000 inst=0x00000000 AND R0,R0,... (op1=0x0) | R0=0x00000000 R1=0x0066B150 R2=0xF0001000 R3=0x005C5318 R4=0x00000000 R5=0x00000000 R6=0x00000000 R7=0x00000000 R8=0x00000000 R9=0x00000000 R10=0x00000000 R11=0x00000000 R12=0x00000000 SP=0x0FFFF020 LR=0x001069CC PC=0x00000000 | NZCV=0110
  [14] PC=0x00000004 inst=0xE12FFF1E BX R14 | R0=0x00000000 R1=0x0066B150 R2=0xF0001000 R3=0x005C5318 R4=0x00000000 R5=0x00000000 R6=0x00000000 R7=0x00000000 R8=0x00000000 R9=0x00000000 R10=0x00000000 R11=0x00000000 R12=0x00000000 SP=0x0FFFF020 LR=0x001069CC PC=0x00000004 | NZCV=0110
BX LR: PC=0x00000004 LR=0x001069CC -> 0x001069CC
  [15] PC=0x001069CC inst=0xE1A00005 MOV R0,R0,... (op1=0xD) | R0=0x00000000 R1=0x0066B150 R2=0xF0001000 R3=0x005C5318 R4=0x00000000 R5=0x00000000 R6=0x00000000 R7=0x00000000 R8=0x00000000 R9=0x00000000 R10=0x00000000 R11=0x00000000 R12=0x00000000 SP=0x0FFFF020 LR=0x001069CC PC=0x001069CC | NZCV=0110 (state=before)
  [16] PC=0x001069D0 inst=0xE8BD81F0 LDMIA R13!, {0x81F0} | R0=0x00000000 R1=0x0066B150 R2=0xF0001000 R3=0x005C5318 R4=0x00000000 R5=0x00000000 R6=0x00000000 R7=0x00000000 R8=0x00000000 R9=0x00000000 R10=0x00000000 R11=0x00000000 R12=0x00000000 SP=0x0FFFF020 LR=0x001069CC PC=0x001069D0 | NZCV=0110
LDM POP PC: loading value 0x00000000 from addr 0x0FFFF034 into PC
  [17] PC=0x00000000 inst=0x00000000 AND R0,R0,... (op1=0x0) | R0=0x00000000 R1=0x0066B150 R2=0xF0001000 R3=0x005C5318 R4=0x00000000 R5=0x00000000 R6=0x00000000 R7=0x00000000 R8=0x00000000 R9=0x00000000 R10=0x00000000 R11=0x00000000 R12=0x00000000 SP=0x0FFFF038 LR=0x001069CC PC=0x00000000 | NZCV=0110
  [18] PC=0x00000004 inst=0xE12FFF1E BX R14 | R0=0x00000000 R1=0x0066B150 R2=0xF0001000 R3=0x005C5318 R4=0x00000000 R5=0x00000000 R6=0x00000000 R7=0x00000000 R8=0x00000000 R9=0x00000000 R10=0x00000000 R11=0x00000000 R12=0x00000000 SP=0x0FFFF038 LR=0x001069CC PC=0x00000004 | NZCV=0110
BX LR: PC=0x00000004 LR=0x001069CC -> 0x001069CC
  [19] PC=0x001069CC inst=0xE1A00005 MOV R0,R0,... (op1=0xD) | R0=0x00000000 R1=0x0066B150 R2=0xF0001000 R3=0x005C5318 R4=0x00000000 R5=0x00000000 R6=0x00000000 R7=0x00000000 R8=0x00000000 R9=0x00000000 R10=0x00000000 R11=0x00000000 R12=0x00000000 SP=0x0FFFF038 LR=0x001069CC PC=0x001069CC | NZCV=0110 (state=before)
  [20] PC=0x001069D0 inst=0xE8BD81F0 LDMIA R13!, {0x81F0} | R0=0x00000000 R1=0x0066B150 R2=0xF0001000 R3=0x005C5318 R4=0x00000000 R5=0x00000000 R6=0x00000000 R7=0x00000000 R8=0x00000000 R9=0x00000000 R10=0x00000000 R11=0x00000000 R12=0x00000000 SP=0x0FFFF038 LR=0x001069CC PC=0x001069D0 | NZCV=0110
LDM POP PC: loading value 0x00000000 from addr 0x0FFFF04C into PC
  [21] PC=0x00000000 inst=0x00000000 AND R0,R0,... (op1=0x0) | R0=0x00000000 R1=0x0066B150 R2=0xF0001000 R3=0x005C5318 R4=0x00000000 R5=0x00000000 R6=0x00000000 R7=0x00000000 R8=0x00000000 R9=0x00000000 R10=0x00000000 R11=0x00000000 R12=0x00000000 SP=0x0FFFF050 LR=0x001069CC PC=0x00000000 | NZCV=0110
  [22] PC=0x00000004 inst=0xE12FFF1E BX R14 | R0=0x00000000 R1=0x0066B150 R2=0xF0001000 R3=0x005C5318 R4=0x00000000 R5=0x00000000 R6=0x00000000 R7=0x00000000 R8=0x00000000 R9=0x00000000 R10=0x00000000 R11=0x00000000 R12=0x00000000 SP=0x0FFFF050 LR=0x001069CC PC=0x00000004 | NZCV=0110
BX LR: PC=0x00000004 LR=0x001069CC -> 0x001069CC
  [23] PC=0x001069CC inst=0xE1A00005 MOV R0,R0,... (op1=0xD) | R0=0x00000000 R1=0x0066B150 R2=0xF0001000 R3=0x005C5318 R4=0x00000000 R5=0x00000000 R6=0x00000000 R7=0x00000000 R8=0x00000000 R9=0x00000000 R10=0x00000000 R11=0x00000000 R12=0x00000000 SP=0x0FFFF050 LR=0x001069CC PC=0x001069CC | NZCV=0110 (state=before)
  [24] PC=0x001069D0 inst=0xE8BD81F0 LDMIA R13!, {0x81F0} | R0=0x00000000 R1=0x0066B150 R2=0xF0001000 R3=0x005C5318 R4=0x00000000 R5=0x00000000 R6=0x00000000 R7=0x00000000 R8=0x00000000 R9=0x00000000 R10=0x00000000 R11=0x00000000 R12=0x00000000 SP=0x0FFFF050 LR=0x001069CC PC=0x001069D0 | NZCV=0110
LDM POP PC: loading value 0x003011D0 from addr 0x0FFFF064 into PC
  [25] PC=0x003011D0 inst=0xE1A00000 MOV R0,R0,... (op1=0xD) | R0=0x00000000 R1=0x0066B150 R2=0xF0001000 R3=0x005C5318 R4=0x00000000 R5=0x00000000 R6=0x00000000 R7=0x0FFFF060 R8=0x00000000 R9=0x00000000 R10=0x00000000 R11=0x00000000 R12=0x00000000 SP=0x0FFFF068 LR=0x001069CC PC=0x003011D0 | NZCV=0110
  [26] PC=0x003011D4 inst=0xE28FC001 ADD R12,R15,... (op1=0x4) | R0=0x00000000 R1=0x0066B150 R2=0xF0001000 R3=0x005C5318 R4=0x00000000 R5=0x00000000 R6=0x00000000 R7=0x0FFFF060 R8=0x00000000 R9=0x00000000 R10=0x00000000 R11=0x00000000 R12=0x00000000 SP=0x0FFFF068 LR=0x001069CC PC=0x003011D4 | NZCV=0110
  [27] PC=0x003011D8 inst=0xE12FFF1C BX R12 | R0=0x00000000 R1=0x0066B150 R2=0xF0001000 R3=0x005C5318 R4=0x00000000 R5=0x00000000 R6=0x00000000 R7=0x0FFFF060 R8=0x00000000 R9=0x00000000 R10=0x00000000 R11=0x00000000 R12=0x003011D5 SP=0x0FFFF068 LR=0x001069CC PC=0x003011D8 | NZCV=0110
Stack write addr=0x0FFFF058 value=0x00000000 SP(R13)=0x0FFFF068 PC=0x003013F4
Stack write addr=0x0FFFF05C value=0x00000000 SP(R13)=0x0FFFF068 PC=0x003013F4
Stack write addr=0x0FFFF060 value=0x00000000 SP(R13)=0x0FFFF068 PC=0x003013F4
Stack write addr=0x0FFFF064 value=0x00301589 SP(R13)=0x0FFFF068 PC=0x003013F4
  [28] PC=0x00000000 inst=0x00000000 AND R0,R0,... (op1=0x0) | R0=0x00000000 R1=0x00000000 R2=0x00000000 R3=0x00106460 R4=0x00000000 R5=0x00000000 R6=0x00000000 R7=0x00000000 R8=0x00000000 R9=0x00000000 R10=0x00000000 R11=0x00000000 R12=0x003011D5 SP=0x0FFFF080 LR=0x00301589 PC=0x00000000 | NZCV=0100
  [29] PC=0x00000004 inst=0xE12FFF1E BX R14 | R0=0x00000000 R1=0x00000000 R2=0x00000000 R3=0x00106460 R4=0x00000000 R5=0x00000000 R6=0x00000000 R7=0x00000000 R8=0x00000000 R9=0x00000000 R10=0x00000000 R11=0x00000000 R12=0x003011D5 SP=0x0FFFF080 LR=0x00301589 PC=0x00000004 | NZCV=0100
BX LR: PC=0x00000004 LR=0x00301589 -> 0x00301588 (thumb)
  [30] PC=0x00000000 inst=0x00000000 AND R0,R0,... (op1=0x0) | R0=0x00000000 R1=0x00000000 R2=0x00000000 R3=0x00000000 R4=0x00000000 R5=0x00000000 R6=0x00000000 R7=0x00000000 R8=0x00000000 R9=0x00000000 R10=0x00000000 R11=0x00000000 R12=0x003011D5 SP=0x0FFFF098 LR=0x00301589 PC=0x00000000 | NZCV=0100
  [31] PC=0x00000004 inst=0xE12FFF1E BX R14 | R0=0x00000000 R1=0x00000000 R2=0x00000000 R3=0x00000000 R4=0x00000000 R5=0x00000000 R6=0x00000000 R7=0x00000000 R8=0x00000000 R9=0x00000000 R10=0x00000000 R11=0x00000000 R12=0x003011D5 SP=0x0FFFF098 LR=0x00301589 PC=0x00000004 | NZCV=0100
BX LR: PC=0x00000004 LR=0x00301589 -> 0x00301588 (thumb)
  [32] PC=0x00000000 inst=0x00000000 AND R0,R0,... (op1=0x0) | R0=0x00000000 R1=0x00000000 R2=0x00000000 R3=0x00000000 R4=0x00000000 R5=0x00000000 R6=0x00000000 R7=0x00000000 R8=0x00000000 R9=0x00000000 R10=0x00000000 R11=0x00000000 R12=0x003011D5 SP=0x0FFFF0B0 LR=0x00301589 PC=0x00000000 | NZCV=0100
  [33] PC=0x00000004 inst=0xE12FFF1E BX R14 | R0=0x00000000 R1=0x00000000 R2=0x00000000 R3=0x00000000 R4=0x00000000 R5=0x00000000 R6=0x00000000 R7=0x00000000 R8=0x00000000 R9=0x00000000 R10=0x00000000 R11=0x00000000 R12=0x003011D5 SP=0x0FFFF0B0 LR=0x00301589 PC=0x00000004 | NZCV=0100
BX LR: PC=0x00000004 LR=0x00301589 -> 0x00301588 (thumb)
  [34] PC=0x00000000 inst=0x00000000 AND R0,R0,... (op1=0x0) | R0=0x00000000 R1=0x00000000 R2=0x00000000 R3=0x00000000 R4=0x00000000 R5=0x00000000 R6=0x00000000 R7=0x00000000 R8=0x00000000 R9=0x00000000 R10=0x00000000 R11=0x00000000 R12=0x003011D5 SP=0x0FFFF0C8 LR=0x00301589 PC=0x00000000 | NZCV=0100
  [35] PC=0x00000004 inst=0xE12FFF1E BX R14 | R0=0x00000000 R1=0x00000000 R2=0x00000000 R3=0x00000000 R4=0x00000000 R5=0x00000000 R6=0x00000000 R7=0x00000000 R8=0x00000000 R9=0x00000000 R10=0x00000000 R11=0x00000000 R12=0x003011D5 SP=0x0FFFF0C8 LR=0x00301589 PC=0x00000004 | NZCV=0100
BX LR: PC=0x00000004 LR=0x00301589 -> 0x00301588 (thumb)
  [36] PC=0x00000000 inst=0x00000000 AND R0,R0,... (op1=0x0) | R0=0x00000000 R1=0x00000000 R2=0x00000000 R3=0x00000000 R4=0x00000000 R5=0x00000000 R6=0x00000000 R7=0x00000000 R8=0x00000000 R9=0x00000000 R10=0x00000000 R11=0x00000000 R12=0x003011D5 SP=0x0FFFF0E0 LR=0x00301589 PC=0x00000000 | NZCV=0100
  [37] PC=0x00000004 inst=0xE12FFF1E BX R14 | R0=0x00000000 R1=0x00000000 R2=0x00000000 R3=0x00000000 R4=0x00000000 R5=0x00000000 R6=0x00000000 R7=0x00000000 R8=0x00000000 R9=0x00000000 R10=0x00000000 R11=0x00000000 R12=0x003011D5 SP=0x0FFFF0E0 LR=0x00301589 PC=0x00000004 | NZCV=0100
BX LR: PC=0x00000004 LR=0x00301589 -> 0x00301588 (thumb)
  [38] PC=0x00000000 inst=0x00000000 AND R0,R0,... (op1=0x0) | R0=0x00000000 R1=0x00000000 R2=0x00000000 R3=0x00000000 R4=0x00000000 R5=0x00000000 R6=0x00000000 R7=0x00000000 R8=0x00000000 R9=0x00000000 R10=0x00000000 R11=0x00000000 R12=0x003011D5 SP=0x0FFFF0F8 LR=0x00301589 PC=0x00000000 | NZCV=0100
  [39] PC=0x00000004 inst=0xE12FFF1E BX R14 | R0=0x00000000 R1=0x00000000 R2=0x00000000 R3=0x00000000 R4=0x00000000 R5=0x00000000 R6=0x00000000 R7=0x00000000 R8=0x00000000 R9=0x00000000 R10=0x00000000 R11=0x00000000 R12=0x003011D5 SP=0x0FFFF0F8 LR=0x00301589 PC=0x00000004 | NZCV=0100
BX LR: PC=0x00000004 LR=0x00301589 -> 0x00301588 (thumb)
  [40] PC=0x00000000 inst=0x00000000 AND R0,R0,... (op1=0x0) | R0=0x00000000 R1=0x00000000 R2=0x00000000 R3=0x00000000 R4=0x00000000 R5=0x00000000 R6=0x00000000 R7=0x00000000 R8=0x00000000 R9=0x00000000 R10=0x00000000 R11=0x00000000 R12=0x003011D5 SP=0x0FFFF110 LR=0x00301589 PC=0x00000000 | NZCV=0100
  [41] PC=0x00000004 inst=0xE12FFF1E BX R14 | R0=0x00000000 R1=0x00000000 R2=0x00000000 R3=0x00000000 R4=0x00000000 R5=0x00000000 R6=0x00000000 R7=0x00000000 R8=0x00000000 R9=0x00000000 R10=0x00000000 R11=0x00000000 R12=0x003011D5 SP=0x0FFFF110 LR=0x00301589 PC=0x00000004 | NZCV=0100
BX LR: PC=0x00000004 LR=0x00301589 -> 0x00301588 (thumb)
  [42] PC=0x00000000 inst=0x00000000 AND R0,R0,... (op1=0x0) | R0=0x00000000 R1=0x00000000 R2=0x00000000 R3=0x00000000 R4=0x00000000 R5=0x00000000 R6=0x00000000 R7=0x00000000 R8=0x00000000 R9=0x00000000 R10=0x00000000 R11=0x00000000 R12=0x003011D5 SP=0x0FFFF128 LR=0x00301589 PC=0x00000000 | NZCV=0100
  [43] PC=0x00000004 inst=0xE12FFF1E BX R14 | R0=0x00000000 R1=0x00000000 R2=0x00000000 R3=0x00000000 R4=0x00000000 R5=0x00000000 R6=0x00000000 R7=0x00000000 R8=0x00000000 R9=0x00000000 R10=0x00000000 R11=0x00000000 R12=0x003011D5 SP=0x0FFFF128 LR=0x00301589 PC=0x00000004 | NZCV=0100
BX LR: PC=0x00000004 LR=0x00301589 -> 0x00301588 (thumb)
  [44] PC=0x00000000 inst=0x00000000 AND R0,R0,... (op1=0x0) | R0=0x00000000 R1=0x00000000 R2=0x00000000 R3=0x00000000 R4=0x00000000 R5=0x00000000 R6=0x00000000 R7=0x00000000 R8=0x00000000 R9=0x00000000 R10=0x00000000 R11=0x00000000 R12=0x003011D5 SP=0x0FFFF140 LR=0x00301589 PC=0x00000000 | NZCV=0100
  [45] PC=0x00000004 inst=0xE12FFF1E BX R14 | R0=0x00000000 R1=0x00000000 R2=0x00000000 R3=0x00000000 R4=0x00000000 R5=0x00000000 R6=0x00000000 R7=0x00000000 R8=0x00000000 R9=0x00000000 R10=0x00000000 R11=0x00000000 R12=0x003011D5 SP=0x0FFFF140 LR=0x00301589 PC=0x00000004 | NZCV=0100
BX LR: PC=0x00000004 LR=0x00301589 -> 0x00301588 (thumb)
  [46] PC=0x00000000 inst=0x00000000 AND R0,R0,... (op1=0x0) | R0=0x00000000 R1=0x00000000 R2=0x00000000 R3=0x00000000 R4=0x00000000 R5=0x00000000 R6=0x00000000 R7=0x00000000 R8=0x00000000 R9=0x00000000 R10=0x00000000 R11=0x00000000 R12=0x003011D5 SP=0x0FFFF158 LR=0x00301589 PC=0x00000000 | NZCV=0100
  [47] PC=0x00000004 inst=0xE12FFF1E BX R14 | R0=0x00000000 R1=0x00000000 R2=0x00000000 R3=0x00000000 R4=0x00000000 R5=0x00000000 R6=0x00000000 R7=0x00000000 R8=0x00000000 R9=0x00000000 R10=0x00000000 R11=0x00000000 R12=0x003011D5 SP=0x0FFFF158 LR=0x00301589 PC=0x00000004 | NZCV=0100
BX LR: PC=0x00000004 LR=0x00301589 -> 0x00301588 (thumb)
  [48] PC=0x00000000 inst=0x00000000 AND R0,R0,... (op1=0x0) | R0=0x00000000 R1=0x00000000 R2=0x00000000 R3=0x00000000 R4=0x00000000 R5=0x00000000 R6=0x00000000 R7=0x00000000 R8=0x00000000 R9=0x00000000 R10=0x00000000 R11=0x00000000 R12=0x003011D5 SP=0x0FFFF170 LR=0x00301589 PC=0x00000000 | NZCV=0100
Memory: unmapped read32 pc=0x00301588 addr=0x1C000000 -> 0
Memory: unmapped read32 pc=0x00301588 addr=0x1C000004 -> 0
Memory: unmapped read32 pc=0x00301588 addr=0x1C000008 -> 0
Memory: unmapped read32 pc=0x00301588 addr=0x1C00000C -> 0
Memory: unmapped read32 pc=0x00301588 addr=0x1C000010 -> 0
Memory: unmapped read32 pc=0x00301588 addr=0x1C000014 -> 0
Memory: unmapped read32 pc=0x00301588 addr=0x1C000018 -> 0
Memory: unmapped read32 pc=0x00301588 addr=0x1C00001C -> 0
Memory: unmapped read32 pc=0x00301588 addr=0x1CB55BC8 -> 0
Memory: unmapped read32 pc=0x00301588 addr=0x1CB55BCC -> 0
Memory: unmapped read32 pc=0x00301588 addr=0x1CB55BD0 -> 0
Memory: unmapped read32 pc=0x00301588 addr=0x1CB55BD4 -> 0
Memory: unmapped read32 pc=0x00301588 addr=0x1CB55BD8 -> 0
Memory: unmapped read32 pc=0x00301588 addr=0x1CB55BDC -> 0
Memory: unmapped read32 pc=0x00301588 addr=0x1CB55BE0 -> 0
Memory: unmapped read32 pc=0x00301588 addr=0x1CB55BE4 -> 0
Memory: unmapped read32 pc=0x00301588 addr=0x1F600000 -> 0
Memory: unmapped read32 pc=0x00301588 addr=0x1F600004 -> 0
Memory: unmapped read32 pc=0x00301588 addr=0x1F600008 -> 0
Memory: unmapped read32 pc=0x00301588 addr=0x1F60000C -> 0
Memory: unmapped read32 pc=0x00301588 addr=0x1F600010 -> 0
Memory: unmapped read32 pc=0x00301588 addr=0x1F600014 -> 0
Memory: unmapped read32 pc=0x00301588 addr=0x1F600018 -> 0
Memory: unmapped read32 pc=0x00301588 addr=0x1F60001C -> 0
Memory: unmapped read32 pc=0x00301588 addr=0x20F7DA78 -> 0
Memory: unmapped read32 pc=0x00301588 addr=0x20F7DA7C -> 0
Memory: unmapped read32 pc=0x00301588 addr=0x20F7DA80 -> 0
Memory: unmapped read32 pc=0x00301588 addr=0x20F7DA84 -> 0
Memory: unmapped read32 pc=0x00301588 addr=0x20F7DA88 -> 0
Memory: unmapped read32 pc=0x00301588 addr=0x20F7DA8C -> 0
Memory: unmapped read32 pc=0x00301588 addr=0x20F7DA90 -> 0
Memory: unmapped read32 pc=0x00301588 addr=0x20F7DA94 -> 0
Memory: unmapped read32 pc=0x00301588 addr=0x231919D0 -> 0
Memory: unmapped read32 pc=0x00301588 addr=0x231919D4 -> 0
Memory: unmapped read32 pc=0x00301588 addr=0x231919D8 -> 0
Memory: unmapped read32 pc=0x00301588 addr=0x231919DC -> 0
Memory: unmapped read32 pc=0x00301588 addr=0x231919E0 -> 0
Memory: unmapped read32 pc=0x00301588 addr=0x231919E4 -> 0
Memory: unmapped read32 pc=0x00301588 addr=0x231919E8 -> 0
Memory: unmapped read32 pc=0x00301588 addr=0x231919EC -> 0
Memory: unmapped read32 pc=0x00301588 addr=0x253A5928 -> 0
Memory: unmapped read32 pc=0x00301588 addr=0x253A592C -> 0
Memory: unmapped read32 pc=0x00301588 addr=0x253A5930 -> 0
Memory: unmapped read32 pc=0x00301588 addr=0x253A5934 -> 0
Memory: unmapped read32 pc=0x00301588 addr=0x253A5938 -> 0
Memory: unmapped read32 pc=0x00301588 addr=0x253A593C -> 0
Memory: unmapped read32 pc=0x00301588 addr=0x253A5940 -> 0
Memory: unmapped read32 pc=0x00301588 addr=0x253A5944 -> 0
Memory: unmapped read32 pc=0x00301588 addr=0x275B9880 -> 0
Memory: unmapped read32 pc=0x00301588 addr=0x275B9884 -> 0
Memory: unmapped read32 pc=0x00301588 addr=0x275B9888 -> 0
Memory: unmapped read32 pc=0x00301588 addr=0x275B988C -> 0
Memory: unmapped read32 pc=0x00301588 addr=0x275B9890 -> 0
Memory: unmapped read32 pc=0x00301588 addr=0x275B9894 -> 0
Memory: unmapped read32 pc=0x00301588 addr=0x275B9898 -> 0
Memory: unmapped read32 pc=0x00301588 addr=0x275B989C -> 0
Memory: unmapped read32 pc=0x00301588 addr=0x297CD7D8 -> 0
Memory: unmapped read32 pc=0x00301588 addr=0x297CD7DC -> 0
Memory: unmapped read32 pc=0x00301588 addr=0x297CD7E0 -> 0
Memory: unmapped read32 pc=0x00301588 addr=0x297CD7E4 -> 0
Memory: unmapped read32 pc=0x00301588 addr=0x297CD7E8 -> 0
Memory: unmapped read32 pc=0x00301588 addr=0x297CD7EC -> 0
Memory: unmapped read32 pc=0x00301588 addr=0x297CD7F0 -> 0
Memory: unmapped read32 pc=0x00301588 addr=0x297CD7F4 -> 0
Memory: unmapped read32 pc=0x00301588 addr=0x2B9E1730 -> 0
Memory: unmapped read32 pc=0x00301588 addr=0x2B9E1734 -> 0
Memory: unmapped read32 pc=0x00301588 addr=0x2B9E1738 -> 0
Memory: unmapped read32 pc=0x00301588 addr=0x2B9E173C -> 0
Memory: unmapped read32 pc=0x00301588 addr=0x2B9E1740 -> 0
Memory: unmapped read32 pc=0x00301588 addr=0x2B9E1744 -> 0
Memory: unmapped read32 pc=0x00301588 addr=0x2B9E1748 -> 0
Memory: unmapped read32 pc=0x00301588 addr=0x2B9E174C -> 0
Memory: unmapped read32 pc=0x00301588 addr=0x2DBF5688 -> 0
Memory: unmapped read32 pc=0x00301588 addr=0x2DBF568C -> 0
Memory: unmapped read32 pc=0x00301588 addr=0x2DBF5690 -> 0
Memory: unmapped read32 pc=0x00301588 addr=0x2DBF5694 -> 0
Memory: unmapped read32 pc=0x00301588 addr=0x2DBF5698 -> 0
Memory: unmapped read32 pc=0x00301588 addr=0x2DBF569C -> 0
Memory: unmapped read32 pc=0x00301588 addr=0x2DBF56A0 -> 0
Memory: unmapped read32 pc=0x00301588 addr=0x2DBF56A4 -> 0
Memory: unmapped read32 pc=0x00301588 addr=0x2FE095E0 -> 0
Memory: unmapped read32 pc=0x00301588 addr=0x2FE095E4 -> 0
Memory: unmapped read32 pc=0x00301588 addr=0x2FE095E8 -> 0
Memory: unmapped read32 pc=0x00301588 addr=0x2FE095EC -> 0
Memory: unmapped read32 pc=0x00301588 addr=0x2FE095F0 -> 0
Memory: unmapped read32 pc=0x00301588 addr=0x2FE095F4 -> 0
Memory: unmapped read32 pc=0x00301588 addr=0x2FE095F8 -> 0
Memory: unmapped read32 pc=0x00301588 addr=0x2FE095FC -> 0
Memory: unmapped read32 pc=0x00301588 addr=0x3201D538 -> 0
Memory: unmapped read32 pc=0x00301588 addr=0x3201D53C -> 0
Memory: unmapped read32 pc=0x00301588 addr=0x3201D540 -> 0
Memory: unmapped read32 pc=0x00301588 addr=0x3201D544 -> 0
Memory: unmapped read32 pc=0x00301588 addr=0x3201D548 -> 0
Memory: unmapped read32 pc=0x00301588 addr=0x3201D54C -> 0
Memory: unmapped read32 pc=0x00301588 addr=0x3201D550 -> 0
Memory: unmapped read32 pc=0x00301588 addr=0x3201D554 -> 0
Memory: unmapped read32 pc=0x00301588 addr=0x34231490 -> 0
Memory: unmapped read32 pc=0x00301588 addr=0x34231494 -> 0
Memory: unmapped read32 pc=0x00301588 addr=0x34231498 -> 0
Memory: unmapped read32 pc=0x00301588 addr=0x3423149C -> 0
Memory: unmapped read32 pc=0x00301588 addr=0x342314A0 -> 0
Memory: unmapped read32 pc=0x00301588 addr=0x342314A4 -> 0
Memory: unmapped read32 pc=0x00301588 addr=0x342314A8 -> 0
Memory: unmapped read32 pc=0x00301588 addr=0x342314AC -> 0
Memory: unmapped read32 pc=0x00301588 addr=0x364453E8 -> 0
Memory: unmapped read32 pc=0x00301588 addr=0x364453EC -> 0
Memory: unmapped read32 pc=0x00301588 addr=0x364453F0 -> 0
Memory: unmapped read32 pc=0x00301588 addr=0x364453F4 -> 0
Memory: unmapped read32 pc=0x00301588 addr=0x364453F8 -> 0
Memory: unmapped read32 pc=0x00301588 addr=0x364453FC -> 0
Memory: unmapped read32 pc=0x00301588 addr=0x36445400 -> 0
Memory: unmapped read32 pc=0x00301588 addr=0x36445404 -> 0
Memory: unmapped read32 pc=0x00301588 addr=0x38659340 -> 0
Memory: unmapped read32 pc=0x00301588 addr=0x38659344 -> 0
Memory: unmapped read32 pc=0x00301588 addr=0x38659348 -> 0
Memory: unmapped read32 pc=0x00301588 addr=0x3865934C -> 0
Memory: unmapped read32 pc=0x00301588 addr=0x38659350 -> 0
Memory: unmapped read32 pc=0x00301588 addr=0x38659354 -> 0
Memory: unmapped read32 pc=0x00301588 addr=0x38659358 -> 0
Memory: unmapped read32 pc=0x00301588 addr=0x3865935C -> 0
Memory: unmapped read32 pc=0x00301588 addr=0x3A86D298 -> 0
Memory: unmapped read32 pc=0x00301588 addr=0x3A86D29C -> 0
Memory: unmapped read32 pc=0x00301588 addr=0x3A86D2A0 -> 0
Memory: unmapped read32 pc=0x00301588 addr=0x3A86D2A4 -> 0
Memory: unmapped read32 pc=0x00301588 addr=0x3A86D2A8 -> 0
Memory: unmapped read32 pc=0x00301588 addr=0x3A86D2AC -> 0
Memory: unmapped read32 pc=0x00301588 addr=0x3A86D2B0 -> 0
Memory: unmapped read32 pc=0x00301588 addr=0x3A86D2B4 -> 0
Memory: unmapped read32 pc=0x00301588 addr=0x3CA811F0 -> 0
Memory: unmapped read32 pc=0x00301588 addr=0x3CA811F4 -> 0
Memory: unmapped read32 pc=0x00301588 addr=0x3CA811F8 -> 0
Memory: unmapped read32 pc=0x00301588 addr=0x3CA811FC -> 0
Memory: unmapped read32 pc=0x00301588 addr=0x3CA81200 -> 0
Memory: unmapped read32 pc=0x00301588 addr=0x3CA81204 -> 0
Memory: unmapped read32 pc=0x00301588 addr=0x3CA81208 -> 0
Memory: unmapped read32 pc=0x00301588 addr=0x3CA8120C -> 0
Memory: unmapped read32 pc=0x00301588 addr=0x3EC95148 -> 0
Memory: unmapped read32 pc=0x00301588 addr=0x3EC9514C -> 0
Memory: unmapped read32 pc=0x00301588 addr=0x3EC95150 -> 0
Memory: unmapped read32 pc=0x00301588 addr=0x3EC95154 -> 0
Memory: unmapped read32 pc=0x00301588 addr=0x3EC95158 -> 0
Memory: unmapped read32 pc=0x00301588 addr=0x3EC9515C -> 0
Memory: unmapped read32 pc=0x00301588 addr=0x3EC95160 -> 0
Memory: unmapped read32 pc=0x00301588 addr=0x3EC95164 -> 0
Memory: unmapped read32 pc=0x00301588 addr=0x40EA90A0 -> 0
Memory: unmapped read32 pc=0x00301588 addr=0x40EA90A4 -> 0
Memory: unmapped read32 pc=0x00301588 addr=0x40EA90A8 -> 0
Memory: unmapped read32 pc=0x00301588 addr=0x40EA90AC -> 0
Memory: unmapped read32 pc=0x00301588 addr=0x40EA90B0 -> 0
Memory: unmapped read32 pc=0x00301588 addr=0x40EA90B4 -> 0
Memory: unmapped read32 pc=0x00301588 addr=0x40EA90B8 -> 0
Memory: unmapped read32 pc=0x00301588 addr=0x40EA90BC -> 0
Memory: unmapped read32 pc=0x00301588 addr=0x430BCFF8 -> 0
Memory: unmapped read32 pc=0x00301588 addr=0x430BCFFC -> 0
Memory: unmapped read32 pc=0x00301588 addr=0x430BD000 -> 0
Memory: unmapped read32 pc=0x00301588 addr=0x430BD004 -> 0
Memory: unmapped read32 pc=0x00301588 addr=0x430BD008 -> 0
Memory: unmapped read32 pc=0x00301588 addr=0x430BD00C -> 0
Memory: unmapped read32 pc=0x00301588 addr=0x430BD010 -> 0
Memory: unmapped read32 pc=0x00301588 addr=0x430BD014 -> 0
Memory: unmapped read32 pc=0x00301588 addr=0x452D0F50 -> 0
Memory: unmapped read32 pc=0x00301588 addr=0x452D0F54 -> 0
Memory: unmapped read32 pc=0x00301588 addr=0x452D0F58 -> 0
Memory: unmapped read32 pc=0x00301588 addr=0x452D0F5C -> 0
Memory: unmapped read32 pc=0x00301588 addr=0x452D0F60 -> 0
Memory: unmapped read32 pc=0x00301588 addr=0x452D0F64 -> 0
Memory: unmapped read32 pc=0x00301588 addr=0x452D0F68 -> 0
Memory: unmapped read32 pc=0x00301588 addr=0x452D0F6C -> 0
Memory: unmapped read32 pc=0x00301588 addr=0x474E4EA8 -> 0
Memory: unmapped read32 pc=0x00301588 addr=0x474E4EAC -> 0
Memory: unmapped read32 pc=0x00301588 addr=0x474E4EB0 -> 0
Memory: unmapped read32 pc=0x00301588 addr=0x474E4EB4 -> 0
Memory: unmapped read32 pc=0x00301588 addr=0x474E4EB8 -> 0
Memory: unmapped read32 pc=0x00301588 addr=0x474E4EBC -> 0
Memory: unmapped read32 pc=0x00301588 addr=0x474E4EC0 -> 0
Memory: unmapped read32 pc=0x00301588 addr=0x474E4EC4 -> 0
Memory: unmapped read32 pc=0x00301588 addr=0x496F8E00 -> 0
Memory: unmapped read32 pc=0x00301588 addr=0x496F8E04 -> 0
Memory: unmapped read32 pc=0x00301588 addr=0x496F8E08 -> 0
Memory: unmapped read32 pc=0x00301588 addr=0x496F8E0C -> 0
Memory: unmapped read32 pc=0x00301588 addr=0x496F8E10 -> 0
Memory: unmapped read32 pc=0x00301588 addr=0x496F8E14 -> 0
Memory: unmapped read32 pc=0x00301588 addr=0x496F8E18 -> 0
Memory: unmapped read32 pc=0x00301588 addr=0x496F8E1C -> 0
Emulation ended.
